w: do_open
r: do_open
w: do_write_one_3b
w: wrote seq aaa
w: do_write_one
w: wrote seq b
w: do_write_one_3b
w: wrote seq ccc
w: do_write_one_4b
w: wrote seq dddd
w: do_write_one_4b
w: wrote seq eeee
w: do_write_one_4b
w: wrote seq ffff
w: do_write_one_4b
w: wrote seq gggg
w: do_write_one_4b
w: wrote seq hhhh
w: do_write_one_4b
w: wrote seq iiii
w: do_write_one_2b
w: wrote seq jj
r: do_stat
w: stat: 0
w: bw 33, br 0, mw 10, mr 0, md 0, bd 0, bn 34, bu 33, mu 10
w: do_write_one_4b
w: wrote seq kkkk
r: do_stat
w: stat: 0
w: bw 37, br 0, mw 11, mr 0, md 1, bd 3, bn 34, bu 34, mu 10
r: do_read_one
b
r: do_read_one
ccc
w: do_close
f: do_close
r: do_close
w: do_exit
w: exiting
r: do_exit
r: exiting
end
