w: do_open
r: do_open
w: do_fill
w: wrote 10 messages (to seq 10)
r: do_read_one
0
w: do_fill
w: wrote 10 messages (to seq 20)
r: do_read_one
10
r: do_read_one
11
f: do_open
f: do_read_one
10
f: do_read_one
11
w: do_close
r: do_close
f: do_close
w: do_exit
w: exiting
f: do_exit
f: exiting
r: do_exit
r: exiting
end
