r: ready
w: ready
w: open
r: open
w: stat: 0
w: bw 0, br 0, mw 0, mr 0, md 0, bd 0, bn 40, bu 0, mu 0
w: write
w: stat: 0
w: bw 3, br 0, mw 1, mr 0, md 0, bd 0, bn 40, bu 3, mu 1
w: write
w: stat: 0
w: bw 6, br 0, mw 2, mr 0, md 0, bd 0, bn 40, bu 6, mu 2
w: write
w: stat: 0
w: bw 9, br 0, mw 3, mr 0, md 0, bd 0, bn 40, bu 9, mu 3
r: readv
r: rc 6
r: niov 2
[abc]
[abc]
w: stat: 0
w: bw 9, br 6, mw 3, mr 2, md 0, bd 0, bn 40, bu 3, mu 1
w: close
r: close
w: eof
r: eof
end
